<?xml version="1.0" encoding="UTF-8"?>
<testsuites name="jest tests" tests="121" failures="0" errors="0" time="17.328">
  <testsuite name="API Endpoints" errors="0" failures="0" skipped="0" timestamp="2025-07-22T03:47:15" time="9.448" tests="26">
    <testcase classname="API Endpoints Health Check Endpoint should return health status" name="API Endpoints Health Check Endpoint should return health status" time="0.249">
    </testcase>
    <testcase classname="API Endpoints Health Check Endpoint should include proper headers" name="API Endpoints Health Check Endpoint should include proper headers" time="0.229">
    </testcase>
    <testcase classname="API Endpoints Authentication Endpoints should login with valid credentials" name="API Endpoints Authentication Endpoints should login with valid credentials" time="0.457">
    </testcase>
    <testcase classname="API Endpoints Authentication Endpoints should reject invalid credentials" name="API Endpoints Authentication Endpoints should reject invalid credentials" time="0.465">
    </testcase>
    <testcase classname="API Endpoints Authentication Endpoints should require username and password for login" name="API Endpoints Authentication Endpoints should require username and password for login" time="0.237">
    </testcase>
    <testcase classname="API Endpoints Authentication Endpoints should register new user when no users exist" name="API Endpoints Authentication Endpoints should register new user when no users exist" time="0.235">
    </testcase>
    <testcase classname="API Endpoints Authentication Endpoints should reject registration when users exist" name="API Endpoints Authentication Endpoints should reject registration when users exist" time="0.239">
    </testcase>
    <testcase classname="API Endpoints Authentication Endpoints should get current user info" name="API Endpoints Authentication Endpoints should get current user info" time="0.228">
    </testcase>
    <testcase classname="API Endpoints Authentication Endpoints should logout user" name="API Endpoints Authentication Endpoints should logout user" time="0.225">
    </testcase>
    <testcase classname="API Endpoints Projects API should get list of projects" name="API Endpoints Projects API should get list of projects" time="2.228">
    </testcase>
    <testcase classname="API Endpoints Projects API should handle projects API error" name="API Endpoints Projects API should handle projects API error" time="0.926">
    </testcase>
    <testcase classname="API Endpoints Sessions API should get project sessions" name="API Endpoints Sessions API should get project sessions" time="0.23">
    </testcase>
    <testcase classname="API Endpoints Sessions API should handle pagination parameters" name="API Endpoints Sessions API should handle pagination parameters" time="0.226">
    </testcase>
    <testcase classname="API Endpoints Sessions API should get session messages" name="API Endpoints Sessions API should get session messages" time="0.224">
    </testcase>
    <testcase classname="API Endpoints Machine Management API should get list of machines" name="API Endpoints Machine Management API should get list of machines" time="0.228">
    </testcase>
    <testcase classname="API Endpoints Machine Management API should require authentication for machines" name="API Endpoints Machine Management API should require authentication for machines" time="0.225">
    </testcase>
    <testcase classname="API Endpoints Machine Management API should create API token for machine" name="API Endpoints Machine Management API should create API token for machine" time="0.225">
    </testcase>
    <testcase classname="API Endpoints Error Handling should handle 404 for non-existent routes" name="API Endpoints Error Handling should handle 404 for non-existent routes" time="0.229">
    </testcase>
    <testcase classname="API Endpoints Error Handling should handle malformed JSON" name="API Endpoints Error Handling should handle malformed JSON" time="0.24">
    </testcase>
    <testcase classname="API Endpoints Request Validation should validate username length on registration" name="API Endpoints Request Validation should validate username length on registration" time="0.224">
    </testcase>
    <testcase classname="API Endpoints Request Validation should validate password strength" name="API Endpoints Request Validation should validate password strength" time="0.236">
    </testcase>
    <testcase classname="API Endpoints CORS Configuration should include CORS headers" name="API Endpoints CORS Configuration should include CORS headers" time="0.228">
    </testcase>
    <testcase classname="API Endpoints CORS Configuration should handle preflight requests" name="API Endpoints CORS Configuration should handle preflight requests" time="0.232">
    </testcase>
    <testcase classname="API Endpoints API Token Authentication should authenticate with API token" name="API Endpoints API Token Authentication should authenticate with API token" time="0.235">
    </testcase>
    <testcase classname="API Endpoints API Token Authentication should reject invalid API token" name="API Endpoints API Token Authentication should reject invalid API token" time="0.235">
    </testcase>
    <testcase classname="API Endpoints API Token Authentication should track API token usage" name="API Endpoints API Token Authentication should track API token usage" time="0.237">
    </testcase>
  </testsuite>
  <testsuite name="Authentication Middleware" errors="0" failures="0" skipped="0" timestamp="2025-07-22T03:47:25" time="7.614" tests="26">
    <testcase classname="Authentication Middleware validateApiKey should pass through when no API_KEY env var is set" name="Authentication Middleware validateApiKey should pass through when no API_KEY env var is set" time="0.224">
    </testcase>
    <testcase classname="Authentication Middleware validateApiKey should validate global API key when set" name="Authentication Middleware validateApiKey should validate global API key when set" time="0.228">
    </testcase>
    <testcase classname="Authentication Middleware validateApiKey should reject invalid global API key" name="Authentication Middleware validateApiKey should reject invalid global API key" time="0.225">
    </testcase>
    <testcase classname="Authentication Middleware authenticateToken should authenticate valid JWT token" name="Authentication Middleware authenticateToken should authenticate valid JWT token" time="0.232">
    </testcase>
    <testcase classname="Authentication Middleware authenticateToken should reject missing authorization header" name="Authentication Middleware authenticateToken should reject missing authorization header" time="0.226">
    </testcase>
    <testcase classname="Authentication Middleware authenticateToken should reject malformed authorization header" name="Authentication Middleware authenticateToken should reject malformed authorization header" time="0.229">
    </testcase>
    <testcase classname="Authentication Middleware authenticateToken should reject invalid JWT token" name="Authentication Middleware authenticateToken should reject invalid JWT token" time="0.229">
    </testcase>
    <testcase classname="Authentication Middleware authenticateToken should reject expired JWT token" name="Authentication Middleware authenticateToken should reject expired JWT token" time="0.332">
    </testcase>
    <testcase classname="Authentication Middleware authenticateWebSocket should authenticate valid JWT WebSocket token" name="Authentication Middleware authenticateWebSocket should authenticate valid JWT WebSocket token" time="0.229">
    </testcase>
    <testcase classname="Authentication Middleware authenticateWebSocket should authenticate valid API token for WebSocket" name="Authentication Middleware authenticateWebSocket should authenticate valid API token for WebSocket" time="0.231">
    </testcase>
    <testcase classname="Authentication Middleware authenticateWebSocket should reject invalid WebSocket token" name="Authentication Middleware authenticateWebSocket should reject invalid WebSocket token" time="0.236">
    </testcase>
    <testcase classname="Authentication Middleware authenticateWebSocket should reject missing WebSocket token" name="Authentication Middleware authenticateWebSocket should reject missing WebSocket token" time="0.241">
    </testcase>
    <testcase classname="Authentication Middleware authenticateWebSocket should handle rate-limited API tokens" name="Authentication Middleware authenticateWebSocket should handle rate-limited API tokens" time="0.229">
    </testcase>
    <testcase classname="Authentication Middleware JWT Token Utilities should generate valid JWT token" name="Authentication Middleware JWT Token Utilities should generate valid JWT token" time="0.244">
    </testcase>
    <testcase classname="Authentication Middleware JWT Token Utilities should handle token with custom expiration" name="Authentication Middleware JWT Token Utilities should handle token with custom expiration" time="0.231">
    </testcase>
    <testcase classname="Authentication Middleware Password Hashing should hash passwords securely" name="Authentication Middleware Password Hashing should hash passwords securely" time="0.469">
    </testcase>
    <testcase classname="Authentication Middleware Password Hashing should verify correct passwords" name="Authentication Middleware Password Hashing should verify correct passwords" time="0.683">
    </testcase>
    <testcase classname="Authentication Middleware Password Hashing should reject incorrect passwords" name="Authentication Middleware Password Hashing should reject incorrect passwords" time="0.689">
    </testcase>
    <testcase classname="Authentication Middleware Password Hashing should create user with hashed password" name="Authentication Middleware Password Hashing should create user with hashed password" time="0.465">
    </testcase>
    <testcase classname="Authentication Middleware Security Edge Cases should handle malformed JWT tokens gracefully" name="Authentication Middleware Security Edge Cases should handle malformed JWT tokens gracefully" time="0.237">
    </testcase>
    <testcase classname="Authentication Middleware Security Edge Cases should reject tokens with wrong secret" name="Authentication Middleware Security Edge Cases should reject tokens with wrong secret" time="0.236">
    </testcase>
    <testcase classname="Authentication Middleware Security Edge Cases should handle SQL injection attempts in API token" name="Authentication Middleware Security Edge Cases should handle SQL injection attempts in API token" time="0.232">
    </testcase>
    <testcase classname="Authentication Middleware Security Edge Cases should enforce API token format" name="Authentication Middleware Security Edge Cases should enforce API token format" time="0.235">
    </testcase>
    <testcase classname="Authentication Middleware Rate Limiting should authenticate with user API token" name="Authentication Middleware Rate Limiting should authenticate with user API token" time="0.229">
    </testcase>
    <testcase classname="Authentication Middleware Rate Limiting should track API token usage" name="Authentication Middleware Rate Limiting should track API token usage" time="0.239">
    </testcase>
    <testcase classname="Authentication Middleware Rate Limiting should handle concurrent authentication requests" name="Authentication Middleware Rate Limiting should handle concurrent authentication requests" time="0.228">
    </testcase>
  </testsuite>
  <testsuite name="WebSocket Authentication Logic" errors="0" failures="0" skipped="0" timestamp="2025-07-22T03:47:32" time="0.09" tests="8">
    <testcase classname="WebSocket Authentication Logic JWT Token Validation should generate valid JWT token" name="WebSocket Authentication Logic JWT Token Validation should generate valid JWT token" time="0.001">
    </testcase>
    <testcase classname="WebSocket Authentication Logic JWT Token Validation should verify valid JWT token" name="WebSocket Authentication Logic JWT Token Validation should verify valid JWT token" time="0.001">
    </testcase>
    <testcase classname="WebSocket Authentication Logic JWT Token Validation should reject invalid JWT token" name="WebSocket Authentication Logic JWT Token Validation should reject invalid JWT token" time="0.001">
    </testcase>
    <testcase classname="WebSocket Authentication Logic JWT Token Validation should reject expired JWT token" name="WebSocket Authentication Logic JWT Token Validation should reject expired JWT token" time="0.001">
    </testcase>
    <testcase classname="WebSocket Authentication Logic JWT Token Validation should reject JWT with wrong secret" name="WebSocket Authentication Logic JWT Token Validation should reject JWT with wrong secret" time="0.001">
    </testcase>
    <testcase classname="WebSocket Authentication Logic Authentication Response Format should format JWT auth response correctly" name="WebSocket Authentication Logic Authentication Response Format should format JWT auth response correctly" time="0">
    </testcase>
    <testcase classname="WebSocket Authentication Logic Authentication Response Format should format API token auth response correctly" name="WebSocket Authentication Logic Authentication Response Format should format API token auth response correctly" time="0">
    </testcase>
    <testcase classname="WebSocket Authentication Logic Authentication Response Format should return null for invalid auth" name="WebSocket Authentication Logic Authentication Response Format should return null for invalid auth" time="0">
    </testcase>
  </testsuite>
  <testsuite name="Client Message Handlers" errors="0" failures="0" skipped="0" timestamp="2025-07-22T03:47:32" time="0.05" tests="24">
    <testcase classname="Client Message Handlers Claude Response Handlers should handle text response from Claude" name="Client Message Handlers Claude Response Handlers should handle text response from Claude" time="0.001">
    </testcase>
    <testcase classname="Client Message Handlers Claude Response Handlers should handle tool use response from Claude" name="Client Message Handlers Claude Response Handlers should handle tool use response from Claude" time="0.001">
    </testcase>
    <testcase classname="Client Message Handlers Claude Response Handlers should handle streaming response chunks" name="Client Message Handlers Claude Response Handlers should handle streaming response chunks" time="0">
    </testcase>
    <testcase classname="Client Message Handlers Claude Response Handlers should handle session completion" name="Client Message Handlers Claude Response Handlers should handle session completion" time="0.001">
    </testcase>
    <testcase classname="Client Message Handlers Session Management Handlers should handle session abort acknowledgment" name="Client Message Handlers Session Management Handlers should handle session abort acknowledgment" time="0">
    </testcase>
    <testcase classname="Client Message Handlers Session Management Handlers should handle session abort failure" name="Client Message Handlers Session Management Handlers should handle session abort failure" time="0.001">
    </testcase>
    <testcase classname="Client Message Handlers Shell Output Handlers should handle shell initialization output" name="Client Message Handlers Shell Output Handlers should handle shell initialization output" time="0">
    </testcase>
    <testcase classname="Client Message Handlers Shell Output Handlers should handle command execution output" name="Client Message Handlers Shell Output Handlers should handle command execution output" time="0">
    </testcase>
    <testcase classname="Client Message Handlers Shell Output Handlers should handle shell error output" name="Client Message Handlers Shell Output Handlers should handle shell error output" time="0">
    </testcase>
    <testcase classname="Client Message Handlers Shell Output Handlers should handle shell exit" name="Client Message Handlers Shell Output Handlers should handle shell exit" time="0">
    </testcase>
    <testcase classname="Client Message Handlers Machine Communication Handlers should handle machine registration acknowledgment" name="Client Message Handlers Machine Communication Handlers should handle machine registration acknowledgment" time="0">
    </testcase>
    <testcase classname="Client Message Handlers Machine Communication Handlers should handle heartbeat acknowledgment" name="Client Message Handlers Machine Communication Handlers should handle heartbeat acknowledgment" time="0">
    </testcase>
    <testcase classname="Client Message Handlers Machine Communication Handlers should handle project list response" name="Client Message Handlers Machine Communication Handlers should handle project list response" time="0.001">
    </testcase>
    <testcase classname="Client Message Handlers Machine Communication Handlers should handle empty project list" name="Client Message Handlers Machine Communication Handlers should handle empty project list" time="0">
    </testcase>
    <testcase classname="Client Message Handlers Error Handlers should handle authentication errors" name="Client Message Handlers Error Handlers should handle authentication errors" time="0">
    </testcase>
    <testcase classname="Client Message Handlers Error Handlers should handle connection errors" name="Client Message Handlers Error Handlers should handle connection errors" time="0.001">
    </testcase>
    <testcase classname="Client Message Handlers Error Handlers should handle API errors" name="Client Message Handlers Error Handlers should handle API errors" time="0.001">
    </testcase>
    <testcase classname="Client Message Handlers Error Handlers should handle unknown message types" name="Client Message Handlers Error Handlers should handle unknown message types" time="0">
    </testcase>
    <testcase classname="Client Message Handlers Rate Limiting Handlers should handle rate limit exceeded" name="Client Message Handlers Rate Limiting Handlers should handle rate limit exceeded" time="0.001">
    </testcase>
    <testcase classname="Client Message Handlers Rate Limiting Handlers should handle rate limit warnings" name="Client Message Handlers Rate Limiting Handlers should handle rate limit warnings" time="0">
    </testcase>
    <testcase classname="Client Message Handlers Message Routing should route messages to correct handlers" name="Client Message Handlers Message Routing should route messages to correct handlers" time="0.001">
    </testcase>
    <testcase classname="Client Message Handlers Message Routing should handle unknown message types" name="Client Message Handlers Message Routing should handle unknown message types" time="0">
    </testcase>
    <testcase classname="Client Message Handlers Handler Error Recovery should handle handler exceptions gracefully" name="Client Message Handlers Handler Error Recovery should handle handler exceptions gracefully" time="0.001">
    </testcase>
    <testcase classname="Client Message Handlers Handler Error Recovery should handle malformed message data" name="Client Message Handlers Handler Error Recovery should handle malformed message data" time="0">
    </testcase>
  </testsuite>
  <testsuite name="Client WebSocket Connection" errors="0" failures="0" skipped="0" timestamp="2025-07-22T03:47:32" time="0.047" tests="28">
    <testcase classname="Client WebSocket Connection Connection Establishment should connect to WebSocket server" name="Client WebSocket Connection Connection Establishment should connect to WebSocket server" time="0.002">
    </testcase>
    <testcase classname="Client WebSocket Connection Connection Establishment should handle connection with authentication token" name="Client WebSocket Connection Connection Establishment should handle connection with authentication token" time="0">
    </testcase>
    <testcase classname="Client WebSocket Connection Connection Establishment should handle connection failure" name="Client WebSocket Connection Connection Establishment should handle connection failure" time="0.001">
    </testcase>
    <testcase classname="Client WebSocket Connection Connection Establishment should handle connection timeout" name="Client WebSocket Connection Connection Establishment should handle connection timeout" time="0">
    </testcase>
    <testcase classname="Client WebSocket Connection Message Sending should send Claude command messages" name="Client WebSocket Connection Message Sending should send Claude command messages" time="0.001">
    </testcase>
    <testcase classname="Client WebSocket Connection Message Sending should send shell input messages" name="Client WebSocket Connection Message Sending should send shell input messages" time="0">
    </testcase>
    <testcase classname="Client WebSocket Connection Message Sending should send machine registration messages" name="Client WebSocket Connection Message Sending should send machine registration messages" time="0.001">
    </testcase>
    <testcase classname="Client WebSocket Connection Message Sending should throw error when not connected" name="Client WebSocket Connection Message Sending should throw error when not connected" time="0.001">
    </testcase>
    <testcase classname="Client WebSocket Connection Message Sending should handle large messages" name="Client WebSocket Connection Message Sending should handle large messages" time="0.001">
    </testcase>
    <testcase classname="Client WebSocket Connection Connection States should track connection state correctly" name="Client WebSocket Connection Connection States should track connection state correctly" time="0">
    </testcase>
    <testcase classname="Client WebSocket Connection Connection States should handle rapid connect/disconnect cycles" name="Client WebSocket Connection Connection States should handle rapid connect/disconnect cycles" time="0.001">
    </testcase>
    <testcase classname="Client WebSocket Connection Reconnection Logic should attempt reconnection on connection loss" name="Client WebSocket Connection Reconnection Logic should attempt reconnection on connection loss" time="0">
    </testcase>
    <testcase classname="Client WebSocket Connection Reconnection Logic should respect max reconnect attempts" name="Client WebSocket Connection Reconnection Logic should respect max reconnect attempts" time="0">
    </testcase>
    <testcase classname="Client WebSocket Connection Reconnection Logic should reset reconnect attempts on successful connection" name="Client WebSocket Connection Reconnection Logic should reset reconnect attempts on successful connection" time="0">
    </testcase>
    <testcase classname="Client WebSocket Connection Reconnection Logic should use exponential backoff for reconnection delays" name="Client WebSocket Connection Reconnection Logic should use exponential backoff for reconnection delays" time="0">
    </testcase>
    <testcase classname="Client WebSocket Connection Authentication should send authentication after connection" name="Client WebSocket Connection Authentication should send authentication after connection" time="0.001">
    </testcase>
    <testcase classname="Client WebSocket Connection Authentication should handle authentication failure" name="Client WebSocket Connection Authentication should handle authentication failure" time="0">
    </testcase>
    <testcase classname="Client WebSocket Connection Authentication should refresh expired tokens" name="Client WebSocket Connection Authentication should refresh expired tokens" time="0">
    </testcase>
    <testcase classname="Client WebSocket Connection Message Queue should queue messages when disconnected" name="Client WebSocket Connection Message Queue should queue messages when disconnected" time="0.001">
    </testcase>
    <testcase classname="Client WebSocket Connection Message Queue should send queued messages on reconnection" name="Client WebSocket Connection Message Queue should send queued messages on reconnection" time="0">
    </testcase>
    <testcase classname="Client WebSocket Connection Message Queue should limit message queue size" name="Client WebSocket Connection Message Queue should limit message queue size" time="0">
    </testcase>
    <testcase classname="Client WebSocket Connection Heartbeat and Keep-Alive should send heartbeat messages" name="Client WebSocket Connection Heartbeat and Keep-Alive should send heartbeat messages" time="0">
    </testcase>
    <testcase classname="Client WebSocket Connection Heartbeat and Keep-Alive should detect missed heartbeat responses" name="Client WebSocket Connection Heartbeat and Keep-Alive should detect missed heartbeat responses" time="0">
    </testcase>
    <testcase classname="Client WebSocket Connection Connection Cleanup should clean up resources on disconnect" name="Client WebSocket Connection Connection Cleanup should clean up resources on disconnect" time="0">
    </testcase>
    <testcase classname="Client WebSocket Connection Connection Cleanup should handle cleanup errors gracefully" name="Client WebSocket Connection Connection Cleanup should handle cleanup errors gracefully" time="0.002">
    </testcase>
    <testcase classname="Client WebSocket Connection Error Handling should handle network errors" name="Client WebSocket Connection Error Handling should handle network errors" time="0">
    </testcase>
    <testcase classname="Client WebSocket Connection Error Handling should handle server errors" name="Client WebSocket Connection Error Handling should handle server errors" time="0.001">
    </testcase>
    <testcase classname="Client WebSocket Connection Error Handling should handle malformed server responses" name="Client WebSocket Connection Error Handling should handle malformed server responses" time="0">
    </testcase>
  </testsuite>
  <testsuite name="WebSocket Message Handling" errors="0" failures="0" skipped="0" timestamp="2025-07-22T03:47:33" time="0.038" tests="9">
    <testcase classname="WebSocket Message Handling Message Processing should handle ping-pong messages" name="WebSocket Message Handling Message Processing should handle ping-pong messages" time="0.001">
    </testcase>
    <testcase classname="WebSocket Message Handling Message Processing should echo messages when requested" name="WebSocket Message Handling Message Processing should echo messages when requested" time="0.001">
    </testcase>
    <testcase classname="WebSocket Message Handling Message Processing should handle unknown message types" name="WebSocket Message Handling Message Processing should handle unknown message types" time="0">
    </testcase>
    <testcase classname="WebSocket Message Handling Message Processing should handle malformed JSON" name="WebSocket Message Handling Message Processing should handle malformed JSON" time="0.001">
    </testcase>
    <testcase classname="WebSocket Message Handling Message Processing should handle errors during processing" name="WebSocket Message Handling Message Processing should handle errors during processing" time="0">
    </testcase>
    <testcase classname="WebSocket Message Handling Connection State should check if connection is open" name="WebSocket Message Handling Connection State should check if connection is open" time="0">
    </testcase>
    <testcase classname="WebSocket Message Handling Connection State should handle closed connection" name="WebSocket Message Handling Connection State should handle closed connection" time="0">
    </testcase>
    <testcase classname="WebSocket Message Handling Binary Message Support should handle binary data" name="WebSocket Message Handling Binary Message Support should handle binary data" time="0.001">
    </testcase>
    <testcase classname="WebSocket Message Handling Rate Limiting should implement basic rate limiting" name="WebSocket Message Handling Rate Limiting should implement basic rate limiting" time="0.001">
    </testcase>
  </testsuite>
</testsuites>